// Vitest Snapshot v1, https://vitest.dev/guide/snapshot.html

exports[`PromptForm > renders correctly 1`] = `
<form
  class="flex gap-2 w-4/5"
  data-testid="prompt-form"
>
  <input
    class="input input-bordered flex-1"
    name="prompt"
    placeholder="Prompt..."
    required=""
    type="text"
  />
  <button
    aria-label="send"
    class="btn btn-primary "
  >
    <svg
      aria-hidden="true"
      data-slot="icon"
      fill="currentColor"
      height="20"
      viewBox="0 0 16 16"
      width="20"
      xmlns="http://www.w3.org/2000/svg"
    >
      <path
        d="M2.87 2.298a.75.75 0 0 0-.812 1.021L3.39 6.624a1 1 0 0 0 .928.626H8.25a.75.75 0 0 1 0 1.5H4.318a1 1 0 0 0-.927.626l-1.333 3.305a.75.75 0 0 0 .811 1.022 24.89 24.89 0 0 0 11.668-5.115.75.75 0 0 0 0-1.175A24.89 24.89 0 0 0 2.869 2.298Z"
      />
    </svg>
  </button>
</form>
`;
