// Vitest Snapshot v1, https://vitest.dev/guide/snapshot.html

exports[`PositiveFeedbackModal > renders correctly 1`] = `
<div>
  <dialog
    class="modal"
    data-testid="modal"
    id=":r0:"
  >
    <div
      class="modal-box"
    >
      <h1
        class="text-xl font-bold mb-8"
      >
        Share What You Loved!
      </h1>
      <form
        class="flex flex-col gap-6"
        id="positive-feedback-form"
      >
        <div
          class="form-control flex flex-wrap gap-4 flex-row text-sm"
        >
          <label
            class="flex items-center gap-2 relative bg-gray-200 p-4 rounded-xl w-fit cursor-pointer hover:bg-gray-300 transition-all bg-slate-800 text-white hover:bg-slate-700"
          >
            <input
              class="radio radio-primary invisible absolute"
              name="category"
              type="radio"
              value="correct"
            />
            correct
          </label>
          <label
            class="flex items-center gap-2 relative bg-gray-200 p-4 rounded-xl w-fit cursor-pointer hover:bg-gray-300 transition-all "
          >
            <input
              class="radio radio-primary invisible absolute"
              name="category"
              type="radio"
              value="easy-to-understand"
            />
            easy to understand
          </label>
          <label
            class="flex items-center gap-2 relative bg-gray-200 p-4 rounded-xl w-fit cursor-pointer hover:bg-gray-300 transition-all "
          >
            <input
              class="radio radio-primary invisible absolute"
              name="category"
              type="radio"
              value="complete"
            />
            complete
          </label>
          <label
            class="flex items-center gap-2 relative bg-gray-200 p-4 rounded-xl w-fit cursor-pointer hover:bg-gray-300 transition-all "
          >
            <input
              class="radio radio-primary invisible absolute"
              name="category"
              type="radio"
              value="other"
            />
            other
          </label>
        </div>
        <textarea
          class="textarea input-bordered"
          name="comments"
          placeholder="(Optional) Something else you'd like to say"
        />
      </form>
      <div
        class="modal-action"
      >
        <button
          class="btn btn-ghost"
          type="button"
        >
          Cancel
        </button>
        <button
          class="btn btn-primary"
          form="positive-feedback-form"
          type="submit"
        >
          Submit
        </button>
      </div>
    </div>
  </dialog>
</div>
`;
