// Vitest Snapshot v1, https://vitest.dev/guide/snapshot.html

exports[`SearchResults > renders correctly with messages 1`] = `
<div>
  <div
    class="flex-1 p-10 flex flex-col gap-10 overflow-y-auto"
    id="messages-container"
  >
    <div />
  </div>
</div>
`;
