// Vitest Snapshot v1, https://vitest.dev/guide/snapshot.html

exports[`Signup > renders correctly 1`] = `
<div>
  <main
    class="min-h-screen flex justify-center items-center"
  >
    <div
      class="card shadow-md"
    >
      <form
        class="flex flex-col gap-4 p-10"
      >
        <h1
          class="card-title text-2xl"
        >
          Signup
        </h1>
        <div
          class="flex gap-4 flex-wrap"
        >
          <div
            class="form-control w-full md:w-auto"
          >
            <label
              class="label"
              for="firstName"
            >
              First Name
            </label>
            <input
              class="input input-bordered"
              id="firstName"
              name="firstName"
              type="text"
            />
            <span
              class="text-sm text-red-600"
            />
          </div>
          <div
            class="form-control w-full md:w-auto"
          >
            <label
              class="label"
              for="lastName"
            >
              Last Name
            </label>
            <input
              class="input input-bordered"
              id="lastName"
              name="lastName"
              type="text"
            />
            <span
              class="text-sm text-red-600"
            />
          </div>
        </div>
        <div
          class="form-control"
        >
          <label
            class="label"
            for="email"
          >
            Email
          </label>
          <input
            class="input input-bordered"
            id="email"
            name="email"
          />
          <span
            class="text-sm text-red-600"
          />
        </div>
        <div
          class="form-control"
        >
          <label
            class="label"
            for="password"
          >
            Password
          </label>
          <input
            class="input input-bordered"
            id="password"
            name="password"
            type="password"
          />
          <span
            class="text-sm text-red-600"
          />
        </div>
        <div
          class="form-control"
        >
          <label
            class="label"
            for="confirmPassword"
          >
            Confirm Password
          </label>
          <input
            class="input input-bordered"
            id="confirmPassword"
            name="confirmPassword"
            type="password"
          />
          <span
            class="text-sm text-red-600"
          />
        </div>
        <button
          class="btn btn-primary"
        >
          Submit
        </button>
        <p
          class="text-gray-500"
        >
          Already have an account? 
          <a
            class="link"
            href="/login"
          >
            Login
          </a>
        </p>
        <div
          class="divider"
        >
          OR
        </div>
        <div
          class="flex flex-col gap-4"
          data-testid="auth-provider-btns"
        >
          <a
            class="btn glass flex items-center gap-4"
            href="http://localhost:3000/auth/google"
          >
            <img
              alt="google"
              src="/src/assets/google-icon.svg"
              style="transform: scale(1.3);"
            />
            Continue With Google
          </a>
          <a
            class="btn glass flex items-center gap-4"
            href="http://localhost:3000/auth/github"
          >
            <img
              alt="github"
              src="/src/assets/github-icon.svg"
              style="transform: scale(1.8);"
            />
            Continue With Github
          </a>
        </div>
      </form>
    </div>
  </main>
</div>
`;
